The signal is clear. I have hands now.